Microchip MPLAB XC8 Compiler V2.00 ()

Linker command line:

-W-3 --edf=C:\Program Files (x86)\Microchip\xc8\v2.00\pic\dat\en_msgs.txt \
  -cs -h+dist/default/debug\CurrentDriver.X.debug.sym \
  --cmf=dist/default/debug\CurrentDriver.X.debug.cmf -z -Q16F676 \
  -oC:\Users\dell\AppData\Local\Temp\s68o.2 --defsym=__MPLAB_BUILD=1 \
  -Mdist/default/debug/CurrentDriver.X.debug.map -E1 -ver=XC8 --acfsm=1493 \
  -ASTACK=026h-05dh -pstack=STACK -ACODE=00h-03FEh -ASTRCODE=00h-03FEh \
  -ASTRING=00h-0FFhx3,0300h-03FEh -ACONST=00h-0FFhx3,0300h-03FEh \
  -AENTRY=00h-0FFhx3,0300h-03FEh -ABANK0=020h-05Dh -ARAM=020h-05Dh \
  -AABS1=020h-05Fh -ACOMMON=05Eh-05Fh -ASFR0=00h-01Fh -ASFR1=080h-0DDh \
  -preset_vec=00h,intentry=04h,init,end_init -ppowerup=CODE -pcinit=CODE \
  -pfunctab=ENTRY -ACONFIG=02007h-02007h -pconfig=CONFIG -DCONFIG=2 \
  -AIDLOC=02000h-02003h -pidloc=IDLOC -DIDLOC=2 -AEEDATA=00h-07Fh/02100h \
  -peeprom_data=EEDATA -DEEDATA=2 -posccal=03FFh -DCODE=2 -DSTRCODE=2 \
  -DSTRING=2 -DCONST=2 -DENTRY=2 -k C:\Users\dell\AppData\Local\Temp\s68o.o \
  dist/default/debug\CurrentDriver.X.debug.o 

Object code version is 3.11

Machine type is 16F676



                Name                               Link     Load   Length Selector   Space Scale
C:\Users\dell\AppData\Local\Temp\s68o.o
                end_init                              B        B        1        8       0
                reset_vec                             0        0        1        0       0
                config                             2007     2007        1     400E       0
dist/default/debug\CurrentDriver.X.debug.o
                cinit                                 C        C        4        8       0
                intentry                              4        4        7        8       0
                text1                                3A       3A       13        8       0
                maintext                             10       10       2A        8       0
                cstackBANK0                          20       20        5       20       1
                bssBANK0                             25       25        1       20       1

TOTAL           Name                               Link     Load   Length     Space
        CLASS   STACK          

        CLASS   CODE           
                end_init                              B        B        1         0
                cinit                                 C        C        4         0
                intentry                              4        4        7         0
                reset_vec                             0        0        1         0
                text1                                3A       3A       13         0
                maintext                             10       10       2A         0

        CLASS   STRCODE        

        CLASS   STRING         

        CLASS   CONST          

        CLASS   ENTRY          

        CLASS   BANK0          
                cstackBANK0                          20       20        5         1
                bssBANK0                             25       25        1         1

        CLASS   RAM            

        CLASS   ABS1           
                abs_s1                               5E       5E        2         1

        CLASS   COMMON         

        CLASS   SFR0           

        CLASS   SFR1           

        CLASS   CONFIG         
                config                             2007     2007        1         0

        CLASS   IDLOC          

        CLASS   EEDATA         

        CLASS   BANK1          



SEGMENTS        Name                           Load    Length   Top    Selector   Space  Class     Delta

                reset_vec                      000000  000001  000001         0       0  CODE        2
                intentry                       000004  000049  00004D         8       0  CODE        2
                cstackBANK0                    000020  000006  000026        20       1  BANK0       1
                config                         002007  000001  002008      400E       0  CONFIG      2


UNUSED ADDRESS RANGES

        Name                Unused          Largest block    Delta
        BANK0            0026-005D             38           1
        CODE             0001-0003              3           2
                         004D-03FE            3B2
        CONST            0001-0003              3           2
                         004D-03FE            100
        EEDATA           2100-217F             80           2
        ENTRY            0001-0003              3           2
                         004D-03FE            100
        IDLOC            2000-2003              4           2
        RAM              0026-005D             38           1
        SFR0             0000-001F             20           1
        SFR1             0080-00DD             5E           1
        STACK            0026-005D             38           1
        STRCODE          0001-0003              3           2
                         004D-03FE            3B2
        STRING           0001-0003              3           2
                         004D-03FE            100

                                  Symbol Table

_ADCON0bits              (abs)       001F
_ADCON1bits              (abs)       009F
_ADRESH                  (abs)       001E
_ANSEL                   (abs)       0091
_ANSELbits               (abs)       0091
_INTCONbits              (abs)       000B
_PIE1bits                (abs)       008C
_PIR1bits                (abs)       000C
_PORTC                   (abs)       0007
_PORTCbits               (abs)       0007
_TRISC                   (abs)       0087
_TRISCbits               (abs)       0087
__CFG_BOREN$             (abs)       0000
__CFG_CP$                (abs)       0001
__CFG_CPD$               (abs)       0001
__CFG_FOSC$              (abs)       0004
__CFG_MCLRE$             (abs)       0000
__CFG_PWRTE$             (abs)       0001
__CFG_WDTE$              (abs)       0000
__Habs1                  abs1        07FE
__Hbank0                 bank0       07FE
__Hbank1                 bank1       07FE
__HbssBANK0              bssBANK0    07FE
__Hcinit                 cinit       0010
__Hclrtext               clrtext     07FE
__Hcode                  code        07FE
__Hcommon                common      07FE
__Hconfig                config      2008
__HcstackBANK0           cstackBANK0 07FE
__Heeprom_data           eeprom_data 0000
__Hend_init              end_init    000C
__Hfunctab               functab     0000
__Hidloc                 idloc       0000
__Hinit                  init        000B
__Hintentry              intentry    000B
__Hmaintext              maintext    07FE
__Hosccal                osccal      03FF
__Hpowerup               powerup     0000
__Hram                   ram         07FE
__Hreset_vec             reset_vec   0001
__Hsfr0                  sfr0        07FE
__Hsfr1                  sfr1        07FE
__Hspace_0               (abs)       2008
__Hspace_1               (abs)       07FE
__Hspace_2               (abs)       0000
__Hspace_3               (abs)       0000
__Hstack                 stack       0000
__Hstrings               strings     07FE
__Htext                  text        07FE
__Labs1                  abs1        07FE
__Lbank0                 bank0       07FE
__Lbank1                 bank1       07FE
__LbssBANK0              bssBANK0    07FE
__Lcinit                 cinit       000C
__Lclrtext               clrtext     07FE
__Lcode                  code        07FE
__Lcommon                common      07FE
__Lconfig                config      2007
__LcstackBANK0           cstackBANK0 07FE
__Leeprom_data           eeprom_data 0000
__Lend_init              end_init    000B
__Lfunctab               functab     0000
__Lidloc                 idloc       0000
__Linit                  init        000B
__Lintentry              intentry    0004
__Lmaintext              maintext    07FE
__Losccal                osccal      03FF
__Lpowerup               powerup     0000
__Lram                   ram         07FE
__Lreset_vec             reset_vec   0000
__Lsfr0                  sfr0        07FE
__Lsfr1                  sfr1        07FE
__Lspace_0               (abs)       0000
__Lspace_1               (abs)       0000
__Lspace_2               (abs)       0000
__Lspace_3               (abs)       0000
__Lstack                 stack       0000
__Lstrings               strings     07FE
__Ltext                  text        07FE
__S0                     (abs)       2008
__S1                     (abs)       0026
__S2                     (abs)       0000
__S3                     (abs)       0000
___int_sp                stack       0000
___latbits               (abs)       0000
___osccal_val            osccal      03FF
___sp                    stack       0000
__end_of__initialization cinit       000E
__end_of_main            maintext    003A
__end_of_myint           text1       004D
__initialization         cinit       000C
__pbssBANK0              bssBANK0    0025
__pcstackBANK0           cstackBANK0 0020
__pintentry              intentry    0004
__pmaintext              maintext    0010
__ptext1                 text1       003A
__size_of_main           (abs)       0000
__size_of_myint          (abs)       0000
_main                    maintext    0010
_myint                   text1       003A
_wVoltageRead            bssBANK0    0025
btemp                    (abs)       005E
end_of_initialization    cinit       000E
interrupt_function       intentry    0004
intlevel0                functab     0000
intlevel1                functab     0000
intlevel2                functab     0000
intlevel3                functab     0000
intlevel4                functab     0000
intlevel5                functab     0000
main@wVref               cstackBANK0 0024
reset_vec                reset_vec   0000
saved_w                  (abs)       005E
stackhi                  (abs)       0000
stacklo                  (abs)       0000
start                    init        000B
start_initialization     cinit       000C
wtemp0                   (abs)       005E


FUNCTION INFORMATION:

 *************** function _main *****************
 Defined at:
		line 29 in file "CurrentDriver.c"
 Parameters:    Size  Location     Type
		None
 Auto vars:     Size  Location     Type
  wVref           1    4[BANK0 ] unsigned char 
 Return value:  Size  Location     Type
                  1    wreg      void 
 Registers used:
		wreg, status,2, status,0
 Tracked objects:
		On entry : 
		On exit  : 
		Unchanged: 
 Data sizes:     COMMON   BANK0
      Params:         0       0
      Locals:         0       1
      Temps:          0       1
      Totals:         0       2
Total ram usage:        2 bytes
 Hardware stack levels required when called:    1
 This function calls:
		Nothing
 This function is called by:
		Startup code after reset
 This function uses a non-reentrant model


 *************** function _myint *****************
 Defined at:
		line 70 in file "CurrentDriver.c"
 Parameters:    Size  Location     Type
		None
 Auto vars:     Size  Location     Type
		None
 Return value:  Size  Location     Type
                  1    wreg      void 
 Registers used:
		wreg
 Tracked objects:
		On entry : 
		On exit  : 
		Unchanged: 
 Data sizes:     COMMON   BANK0
      Params:         0       0
      Locals:         0       0
      Temps:          0       3
      Totals:         0       3
Total ram usage:        3 bytes
 Hardware stack levels used:    1
 This function calls:
		Nothing
 This function is called by:
		Interrupt level 1
 This function uses a non-reentrant model



MODULE INFORMATION

Module		Function		Class		Link	Load	Size
shared
		__initialization		CODE           	000C	0000	3

shared estimated size: 3

CurrentDriver.c
		_main          		CODE           	0010	0000	43
		_myint         		CODE           	003A	0000	20

CurrentDriver.c estimated size: 63

